
Running 2 tests using 2 workers

BROWSER [warning]: [LeadSense] Error fetching IP enrichment data TypeError: Failed to fetch
    at Me (http://localhost:3000/tracker.js:1:4366)
    at http://localhost:3000/tracker.js:41:4234
    at h (http://localhost:3000/tracker.js:41:1552)
    at de (http://localhost:3000/tracker.js:41:4032)
    at http://localhost:3000/tracker.js:41:5403
    at h (http://localhost:3000/tracker.js:41:1552)
    at HTMLDocument.<anonymous> (http://localhost:3000/tracker.js:41:5397)
  Ô£ô  1 [chromium] ÔÇ║ e2e\capture.spec.ts:49:5 ÔÇ║ LeadSense Capture Flow ÔÇ║ should capture form submission and track lead (1.0s)
BROWSER [error]: Failed to load resource: the server responded with a status of 403 ()
  Ô£ô  2 [chromium] ÔÇ║ e2e\capture.spec.ts:10:5 ÔÇ║ LeadSense Capture Flow ÔÇ║ should initialize and identify visitor (6.8s)

  2 passed (10.2s)
